[2m2026-08-10T13:45:03.075020Z[0m [32m INFO[0m [2mvoxelf::audio::input[0m[2m:[0m 麦克风: "麦克风阵列 (适用于数字麦克风的英特尔® 智音技术)" 格式 F32 声道 4 采样率 48000
[2m2026-08-10T13:45:03.723634Z[0m [32m INFO[0m [2mvoxelf::ui::app[0m[2m:[0m eframe 字体加载: assets/fonts/SimHei.ttf
[2m2026-08-10T13:45:04.156469Z[0m [32m INFO[0m [2mvoxelf::tts[0m[2m:[0m TTS 初始化完成(vits): 采样率 16000 speaker 0
[2m2026-08-10T13:45:04.941740Z[0m [32m INFO[0m [2mvoxelf::ui::app[0m[2m:[0m DIAG 帧率: 79 fps
[2m2026-08-10T13:45:05.123749Z[0m [32m INFO[0m [2mvoxelf::asr[0m[2m:[0m ASR 初始化完成 (vad_threshold=0.3 min_silence=0.5)
[2m2026-08-10T13:45:05.949826Z[0m [32m INFO[0m [2mvoxelf::ui::app[0m[2m:[0m DIAG 帧率: 90 fps
[2m2026-08-10T13:45:06.951608Z[0m [32m INFO[0m [2mvoxelf::ui::app[0m[2m:[0m DIAG 帧率: 90 fps
[2m2026-08-10T13:45:07.958093Z[0m [32m INFO[0m [2mvoxelf::ui::app[0m[2m:[0m DIAG 帧率: 90 fps
[2m2026-08-10T13:45:08.958223Z[0m [32m INFO[0m [2mvoxelf::ui::app[0m[2m:[0m DIAG 帧率: 85 fps
[2m2026-08-10T13:45:09.966639Z[0m [32m INFO[0m [2mvoxelf::ui::app[0m[2m:[0m DIAG 帧率: 66 fps
[2m2026-08-10T13:45:10.982285Z[0m [32m INFO[0m [2mvoxelf::ui::app[0m[2m:[0m DIAG 帧率: 89 fps
[2m2026-08-10T13:45:11.990432Z[0m [32m INFO[0m [2mvoxelf::ui::app[0m[2m:[0m DIAG 帧率: 90 fps
[2m2026-08-10T13:45:12.990498Z[0m [32m INFO[0m [2mvoxelf::ui::app[0m[2m:[0m DIAG 帧率: 89 fps
[2m2026-08-10T13:45:13.998781Z[0m [32m INFO[0m [2mvoxelf::ui::app[0m[2m:[0m DIAG 帧率: 68 fps
[2m2026-08-10T13:45:14.998862Z[0m [32m INFO[0m [2mvoxelf::ui::app[0m[2m:[0m DIAG 帧率: 79 fps
[2m2026-08-10T13:45:16.007237Z[0m [32m INFO[0m [2mvoxelf::ui::app[0m[2m:[0m DIAG 帧率: 61 fps
[2m2026-08-10T13:45:17.007433Z[0m [32m INFO[0m [2mvoxelf::ui::app[0m[2m:[0m DIAG 帧率: 82 fps
[2m2026-08-10T13:45:18.016609Z[0m [32m INFO[0m [2mvoxelf::ui::app[0m[2m:[0m DIAG 帧率: 90 fps
[2m2026-08-10T13:45:19.016733Z[0m [32m INFO[0m [2mvoxelf::ui::app[0m[2m:[0m DIAG 帧率: 87 fps
[2m2026-08-10T13:45:20.016849Z[0m [32m INFO[0m [2mvoxelf::ui::app[0m[2m:[0m DIAG 帧率: 64 fps
[2m2026-08-10T13:45:21.032224Z[0m [32m INFO[0m [2mvoxelf::ui::app[0m[2m:[0m DIAG 帧率: 80 fps
[2m2026-08-10T13:45:22.032306Z[0m [32m INFO[0m [2mvoxelf::ui::app[0m[2m:[0m DIAG 帧率: 90 fps
[2m2026-08-10T13:45:23.040704Z[0m [32m INFO[0m [2mvoxelf::ui::app[0m[2m:[0m DIAG 帧率: 87 fps
[2m2026-08-10T13:45:24.048914Z[0m [32m INFO[0m [2mvoxelf::ui::app[0m[2m:[0m DIAG 帧率: 71 fps
[2m2026-08-10T13:45:25.058300Z[0m [32m INFO[0m [2mvoxelf::ui::app[0m[2m:[0m DIAG 帧率: 77 fps
[2m2026-08-10T13:45:26.081820Z[0m [32m INFO[0m [2mvoxelf::ui::app[0m[2m:[0m DIAG 帧率: 77 fps
[2m2026-08-10T13:45:27.082112Z[0m [32m INFO[0m [2mvoxelf::ui::app[0m[2m:[0m DIAG 帧率: 60 fps
[2m2026-08-10T13:45:28.091491Z[0m [32m INFO[0m [2mvoxelf::ui::app[0m[2m:[0m DIAG 帧率: 60 fps
[2m2026-08-10T13:45:29.091700Z[0m [32m INFO[0m [2mvoxelf::ui::app[0m[2m:[0m DIAG 帧率: 60 fps
[2m2026-08-10T13:45:30.107375Z[0m [32m INFO[0m [2mvoxelf::ui::app[0m[2m:[0m DIAG 帧率: 87 fps
[2m2026-08-10T13:45:31.115530Z[0m [32m INFO[0m [2mvoxelf::ui::app[0m[2m:[0m DIAG 帧率: 89 fps
[2m2026-08-10T13:45:32.123552Z[0m [32m INFO[0m [2mvoxelf::ui::app[0m[2m:[0m DIAG 帧率: 81 fps
[2m2026-08-10T13:45:33.123888Z[0m [32m INFO[0m [2mvoxelf::ui::app[0m[2m:[0m DIAG 帧率: 68 fps
[2m2026-08-10T13:45:34.124238Z[0m [32m INFO[0m [2mvoxelf::ui::app[0m[2m:[0m DIAG 帧率: 69 fps
[2m2026-08-10T13:45:35.140628Z[0m [32m INFO[0m [2mvoxelf::ui::app[0m[2m:[0m DIAG 帧率: 77 fps
[2m2026-08-10T13:45:36.149839Z[0m [32m INFO[0m [2mvoxelf::ui::app[0m[2m:[0m DIAG 帧率: 59 fps
[2m2026-08-10T13:45:37.149970Z[0m [32m INFO[0m [2mvoxelf::ui::app[0m[2m:[0m DIAG 帧率: 60 fps
[2m2026-08-10T13:45:38.173937Z[0m [32m INFO[0m [2mvoxelf::ui::app[0m[2m:[0m DIAG 帧率: 60 fps
[2m2026-08-10T13:45:39.174074Z[0m [32m INFO[0m [2mvoxelf::ui::app[0m[2m:[0m DIAG 帧率: 60 fps
[2m2026-08-10T13:45:40.174072Z[0m [32m INFO[0m [2mvoxelf::ui::app[0m[2m:[0m DIAG 帧率: 60 fps
[2m2026-08-10T13:45:41.182375Z[0m [32m INFO[0m [2mvoxelf::ui::app[0m[2m:[0m DIAG 帧率: 60 fps
[2m2026-08-10T13:45:42.191580Z[0m [32m INFO[0m [2mvoxelf::ui::app[0m[2m:[0m DIAG 帧率: 60 fps
[2m2026-08-10T13:45:43.198342Z[0m [32m INFO[0m [2mvoxelf::ui::app[0m[2m:[0m DIAG 帧率: 60 fps
[2m2026-08-10T13:45:44.199047Z[0m [32m INFO[0m [2mvoxelf::ui::app[0m[2m:[0m DIAG 帧率: 76 fps
[2m2026-08-10T13:45:45.216832Z[0m [32m INFO[0m [2mvoxelf::ui::app[0m[2m:[0m DIAG 帧率: 76 fps
[2m2026-08-10T13:45:46.232025Z[0m [32m INFO[0m [2mvoxelf::ui::app[0m[2m:[0m DIAG 帧率: 68 fps
[2m2026-08-10T13:45:47.240537Z[0m [32m INFO[0m [2mvoxelf::ui::app[0m[2m:[0m DIAG 帧率: 69 fps
[2m2026-08-10T13:45:48.248772Z[0m [32m INFO[0m [2mvoxelf::ui::app[0m[2m:[0m DIAG 帧率: 63 fps
[2m2026-08-10T13:45:49.249323Z[0m [32m INFO[0m [2mvoxelf::ui::app[0m[2m:[0m DIAG 帧率: 59 fps
[2m2026-08-10T13:45:50.258355Z[0m [32m INFO[0m [2mvoxelf::ui::app[0m[2m:[0m DIAG 帧率: 67 fps
[2m2026-08-10T13:45:51.258395Z[0m [32m INFO[0m [2mvoxelf::ui::app[0m[2m:[0m DIAG 帧率: 85 fps
[2m2026-08-10T13:45:52.274109Z[0m [32m INFO[0m [2mvoxelf::ui::app[0m[2m:[0m DIAG 帧率: 90 fps
[2m2026-08-10T13:45:53.282564Z[0m [32m INFO[0m [2mvoxelf::ui::app[0m[2m:[0m DIAG 帧率: 90 fps
[2m2026-08-10T13:45:54.291629Z[0m [32m INFO[0m [2mvoxelf::ui::app[0m[2m:[0m DIAG 帧率: 90 fps
[2m2026-08-10T13:45:55.292229Z[0m [32m INFO[0m [2mvoxelf::ui::app[0m[2m:[0m DIAG 帧率: 90 fps
[2m2026-08-10T13:45:56.307546Z[0m [32m INFO[0m [2mvoxelf::ui::app[0m[2m:[0m DIAG 帧率: 90 fps
[2m2026-08-10T13:45:57.315753Z[0m [32m INFO[0m [2mvoxelf::ui::app[0m[2m:[0m DIAG 帧率: 89 fps
[2m2026-08-10T13:45:58.324813Z[0m [32m INFO[0m [2mvoxelf::ui::app[0m[2m:[0m DIAG 帧率: 90 fps
[2m2026-08-10T13:45:59.341078Z[0m [32m INFO[0m [2mvoxelf::ui::app[0m[2m:[0m DIAG 帧率: 90 fps
[2m2026-08-10T13:46:00.349002Z[0m [32m INFO[0m [2mvoxelf::ui::app[0m[2m:[0m DIAG 帧率: 90 fps
[2m2026-08-10T13:46:01.349327Z[0m [32m INFO[0m [2mvoxelf::ui::app[0m[2m:[0m DIAG 帧率: 90 fps
[2m2026-08-10T13:46:02.358167Z[0m [32m INFO[0m [2mvoxelf::ui::app[0m[2m:[0m DIAG 帧率: 90 fps
[2m2026-08-10T13:46:03.358458Z[0m [32m INFO[0m [2mvoxelf::ui::app[0m[2m:[0m DIAG 帧率: 90 fps
[2m2026-08-10T13:46:04.374032Z[0m [32m INFO[0m [2mvoxelf::ui::app[0m[2m:[0m DIAG 帧率: 89 fps
[2m2026-08-10T13:46:05.374195Z[0m [32m INFO[0m [2mvoxelf::ui::app[0m[2m:[0m DIAG 帧率: 90 fps
[2m2026-08-10T13:46:06.382333Z[0m [32m INFO[0m [2mvoxelf::ui::app[0m[2m:[0m DIAG 帧率: 90 fps
[2m2026-08-10T13:46:07.382574Z[0m [32m INFO[0m [2mvoxelf::ui::app[0m[2m:[0m DIAG 帧率: 87 fps
[2m2026-08-10T13:46:08.391751Z[0m [32m INFO[0m [2mvoxelf::ui::app[0m[2m:[0m DIAG 帧率: 66 fps
[2m2026-08-10T13:46:09.391770Z[0m [32m INFO[0m [2mvoxelf::ui::app[0m[2m:[0m DIAG 帧率: 69 fps
[2m2026-08-10T13:46:10.400244Z[0m [32m INFO[0m [2mvoxelf::ui::app[0m[2m:[0m DIAG 帧率: 90 fps
[2m2026-08-10T13:46:11.415841Z[0m [32m INFO[0m [2mvoxelf::ui::app[0m[2m:[0m DIAG 帧率: 89 fps
[2m2026-08-10T13:46:12.423688Z[0m [32m INFO[0m [2mvoxelf::ui::app[0m[2m:[0m DIAG 帧率: 80 fps
[2m2026-08-10T13:46:13.432103Z[0m [32m INFO[0m [2mvoxelf::ui::app[0m[2m:[0m DIAG 帧率: 65 fps
[2m2026-08-10T13:46:14.432291Z[0m [32m INFO[0m [2mvoxelf::ui::app[0m[2m:[0m DIAG 帧率: 90 fps
[2m2026-08-10T13:46:15.432590Z[0m [32m INFO[0m [2mvoxelf::ui::app[0m[2m:[0m DIAG 帧率: 70 fps
[2m2026-08-10T13:46:16.440540Z[0m [32m INFO[0m [2mvoxelf::ui::app[0m[2m:[0m DIAG 帧率: 60 fps
[2m2026-08-10T13:46:17.448982Z[0m [32m INFO[0m [2mvoxelf::ui::app[0m[2m:[0m DIAG 帧率: 59 fps
[2m2026-08-10T13:46:18.458337Z[0m [32m INFO[0m [2mvoxelf::ui::app[0m[2m:[0m DIAG 帧率: 60 fps
[2m2026-08-10T13:46:19.466666Z[0m [32m INFO[0m [2mvoxelf::ui::app[0m[2m:[0m DIAG 帧率: 72 fps
[2m2026-08-10T13:46:20.475093Z[0m [32m INFO[0m [2mvoxelf::ui::app[0m[2m:[0m DIAG 帧率: 61 fps
[2m2026-08-10T13:46:21.475317Z[0m [32m INFO[0m [2mvoxelf::ui::app[0m[2m:[0m DIAG 帧率: 61 fps
[2m2026-08-10T13:46:22.498875Z[0m [32m INFO[0m [2mvoxelf::ui::app[0m[2m:[0m DIAG 帧率: 59 fps
[2m2026-08-10T13:46:23.507259Z[0m [32m INFO[0m [2mvoxelf::ui::app[0m[2m:[0m DIAG 帧率: 60 fps
[2m2026-08-10T13:46:24.507291Z[0m [32m INFO[0m [2mvoxelf::ui::app[0m[2m:[0m DIAG 帧率: 60 fps
[2m2026-08-10T13:46:25.517055Z[0m [32m INFO[0m [2mvoxelf::ui::app[0m[2m:[0m DIAG 帧率: 61 fps
[2m2026-08-10T13:46:26.525040Z[0m [32m INFO[0m [2mvoxelf::ui::app[0m[2m:[0m DIAG 帧率: 62 fps
[2m2026-08-10T13:46:27.525321Z[0m [32m INFO[0m [2mvoxelf::ui::app[0m[2m:[0m DIAG 帧率: 61 fps
[2m2026-08-10T13:46:28.533458Z[0m [32m INFO[0m [2mvoxelf::ui::app[0m[2m:[0m DIAG 帧率: 62 fps
[2m2026-08-10T13:46:29.557264Z[0m [32m INFO[0m [2mvoxelf::ui::app[0m[2m:[0m DIAG 帧率: 64 fps
[2m2026-08-10T13:46:30.557293Z[0m [32m INFO[0m [2mvoxelf::ui::app[0m[2m:[0m DIAG 帧率: 59 fps
[2m2026-08-10T13:46:31.557301Z[0m [32m INFO[0m [2mvoxelf::ui::app[0m[2m:[0m DIAG 帧率: 68 fps
[2m2026-08-10T13:46:32.566595Z[0m [32m INFO[0m [2mvoxelf::ui::app[0m[2m:[0m DIAG 帧率: 90 fps
[2m2026-08-10T13:46:33.566928Z[0m [32m INFO[0m [2mvoxelf::ui::app[0m[2m:[0m DIAG 帧率: 88 fps
[2m2026-08-10T13:46:34.590757Z[0m [32m INFO[0m [2mvoxelf::ui::app[0m[2m:[0m DIAG 帧率: 80 fps
[2m2026-08-10T13:46:35.599216Z[0m [32m INFO[0m [2mvoxelf::ui::app[0m[2m:[0m DIAG 帧率: 72 fps
[2m2026-08-10T13:46:36.608464Z[0m [32m INFO[0m [2mvoxelf::ui::app[0m[2m:[0m DIAG 帧率: 63 fps
[2m2026-08-10T13:46:37.632356Z[0m [32m INFO[0m [2mvoxelf::ui::app[0m[2m:[0m DIAG 帧率: 59 fps
[2m2026-08-10T13:46:38.641864Z[0m [32m INFO[0m [2mvoxelf::ui::app[0m[2m:[0m DIAG 帧率: 60 fps
[2m2026-08-10T13:46:39.665631Z[0m [32m INFO[0m [2mvoxelf::ui::app[0m[2m:[0m DIAG 帧率: 60 fps
[2m2026-08-10T13:46:40.666054Z[0m [32m INFO[0m [2mvoxelf::ui::app[0m[2m:[0m DIAG 帧率: 60 fps
[2m2026-08-10T13:46:41.675107Z[0m [32m INFO[0m [2mvoxelf::ui::app[0m[2m:[0m DIAG 帧率: 60 fps
[2m2026-08-10T13:46:42.699052Z[0m [32m INFO[0m [2mvoxelf::ui::app[0m[2m:[0m DIAG 帧率: 60 fps
[2m2026-08-10T13:46:43.699076Z[0m [32m INFO[0m [2mvoxelf::ui::app[0m[2m:[0m DIAG 帧率: 60 fps
[2m2026-08-10T13:46:44.699142Z[0m [32m INFO[0m [2mvoxelf::ui::app[0m[2m:[0m DIAG 帧率: 60 fps
[2m2026-08-10T13:46:45.708364Z[0m [32m INFO[0m [2mvoxelf::ui::app[0m[2m:[0m DIAG 帧率: 60 fps
[2m2026-08-10T13:46:46.732062Z[0m [32m INFO[0m [2mvoxelf::ui::app[0m[2m:[0m DIAG 帧率: 61 fps
[2m2026-08-10T13:46:47.732102Z[0m [32m INFO[0m [2mvoxelf::ui::app[0m[2m:[0m DIAG 帧率: 60 fps
[2m2026-08-10T13:46:48.741903Z[0m [32m INFO[0m [2mvoxelf::ui::app[0m[2m:[0m DIAG 帧率: 60 fps
[2m2026-08-10T13:46:49.765715Z[0m [32m INFO[0m [2mvoxelf::ui::app[0m[2m:[0m DIAG 帧率: 62 fps
[2m2026-08-10T13:46:50.775100Z[0m [32m INFO[0m [2mvoxelf::ui::app[0m[2m:[0m DIAG 帧率: 64 fps
[2m2026-08-10T13:46:51.782113Z[0m [32m INFO[0m [2mvoxelf::ui::app[0m[2m:[0m DIAG 帧率: 63 fps
[2m2026-08-10T13:46:52.782517Z[0m [32m INFO[0m [2mvoxelf::ui::app[0m[2m:[0m DIAG 帧率: 82 fps
[2m2026-08-10T13:46:53.790927Z[0m [32m INFO[0m [2mvoxelf::ui::app[0m[2m:[0m DIAG 帧率: 89 fps
[2m2026-08-10T13:46:54.792000Z[0m [32m INFO[0m [2mvoxelf::ui::app[0m[2m:[0m DIAG 帧率: 90 fps
[2m2026-08-10T13:46:55.800094Z[0m [32m INFO[0m [2mvoxelf::ui::app[0m[2m:[0m DIAG 帧率: 89 fps
[2m2026-08-10T13:46:56.800196Z[0m [32m INFO[0m [2mvoxelf::ui::app[0m[2m:[0m DIAG 帧率: 90 fps
[2m2026-08-10T13:46:57.815757Z[0m [32m INFO[0m [2mvoxelf::ui::app[0m[2m:[0m DIAG 帧率: 90 fps
[2m2026-08-10T13:46:58.824321Z[0m [32m INFO[0m [2mvoxelf::ui::app[0m[2m:[0m DIAG 帧率: 90 fps
[2m2026-08-10T13:46:59.832265Z[0m [32m INFO[0m [2mvoxelf::ui::app[0m[2m:[0m DIAG 帧率: 90 fps
[2m2026-08-10T13:47:00.832548Z[0m [32m INFO[0m [2mvoxelf::ui::app[0m[2m:[0m DIAG 帧率: 89 fps
[2m2026-08-10T13:47:01.840904Z[0m [32m INFO[0m [2mvoxelf::ui::app[0m[2m:[0m DIAG 帧率: 90 fps
[2m2026-08-10T13:47:02.850074Z[0m [32m INFO[0m [2mvoxelf::ui::app[0m[2m:[0m DIAG 帧率: 90 fps
[2m2026-08-10T13:47:03.865796Z[0m [32m INFO[0m [2mvoxelf::ui::app[0m[2m:[0m DIAG 帧率: 90 fps
[2m2026-08-10T13:47:04.874158Z[0m [32m INFO[0m [2mvoxelf::ui::app[0m[2m:[0m DIAG 帧率: 89 fps
[2m2026-08-10T13:47:05.883415Z[0m [32m INFO[0m [2mvoxelf::ui::app[0m[2m:[0m DIAG 帧率: 90 fps
[2m2026-08-10T13:47:06.899034Z[0m [32m INFO[0m [2mvoxelf::ui::app[0m[2m:[0m DIAG 帧率: 90 fps
[2m2026-08-10T13:47:07.915354Z[0m [32m INFO[0m [2mvoxelf::ui::app[0m[2m:[0m DIAG 帧率: 70 fps
[2m2026-08-10T13:47:08.915703Z[0m [32m INFO[0m [2mvoxelf::ui::app[0m[2m:[0m DIAG 帧率: 69 fps
[2m2026-08-10T13:47:09.923945Z[0m [32m INFO[0m [2mvoxelf::ui::app[0m[2m:[0m DIAG 帧率: 86 fps
[2m2026-08-10T13:47:10.933236Z[0m [32m INFO[0m [2mvoxelf::ui::app[0m[2m:[0m DIAG 帧率: 60 fps
[2m2026-08-10T13:47:11.941734Z[0m [32m INFO[0m [2mvoxelf::ui::app[0m[2m:[0m DIAG 帧率: 61 fps
[2m2026-08-10T13:47:12.941761Z[0m [32m INFO[0m [2mvoxelf::ui::app[0m[2m:[0m DIAG 帧率: 59 fps
[2m2026-08-10T13:47:13.950035Z[0m [32m INFO[0m [2mvoxelf::ui::app[0m[2m:[0m DIAG 帧率: 70 fps
[2m2026-08-10T13:47:14.965766Z[0m [32m INFO[0m [2mvoxelf::ui::app[0m[2m:[0m DIAG 帧率: 89 fps
[2m2026-08-10T13:47:15.974159Z[0m [32m INFO[0m [2mvoxelf::ui::app[0m[2m:[0m DIAG 帧率: 90 fps
[2m2026-08-10T13:47:16.983468Z[0m [32m INFO[0m [2mvoxelf::ui::app[0m[2m:[0m DIAG 帧率: 90 fps
[2m2026-08-10T13:47:17.983524Z[0m [32m INFO[0m [2mvoxelf::ui::app[0m[2m:[0m DIAG 帧率: 90 fps
[2m2026-08-10T13:47:18.998877Z[0m [32m INFO[0m [2mvoxelf::ui::app[0m[2m:[0m DIAG 帧率: 90 fps
[2m2026-08-10T13:47:19.998959Z[0m [32m INFO[0m [2mvoxelf::ui::app[0m[2m:[0m DIAG 帧率: 88 fps
[2m2026-08-10T13:47:21.001761Z[0m [32m INFO[0m [2mvoxelf::ui::app[0m[2m:[0m DIAG 帧率: 90 fps
[2m2026-08-10T13:47:22.015822Z[0m [32m INFO[0m [2mvoxelf::ui::app[0m[2m:[0m DIAG 帧率: 89 fps
[2m2026-08-10T13:47:23.023955Z[0m [32m INFO[0m [2mvoxelf::ui::app[0m[2m:[0m DIAG 帧率: 90 fps
[2m2026-08-10T13:47:24.024026Z[0m [32m INFO[0m [2mvoxelf::ui::app[0m[2m:[0m DIAG 帧率: 90 fps
[2m2026-08-10T13:47:25.032152Z[0m [32m INFO[0m [2mvoxelf::ui::app[0m[2m:[0m DIAG 帧率: 90 fps
[2m2026-08-10T13:47:26.032314Z[0m [32m INFO[0m [2mvoxelf::ui::app[0m[2m:[0m DIAG 帧率: 89 fps
[2m2026-08-10T13:47:27.032750Z[0m [32m INFO[0m [2mvoxelf::ui::app[0m[2m:[0m DIAG 帧率: 90 fps
[2m2026-08-10T13:47:28.040512Z[0m [32m INFO[0m [2mvoxelf::ui::app[0m[2m:[0m DIAG 帧率: 90 fps
[2m2026-08-10T13:47:29.040531Z[0m [32m INFO[0m [2mvoxelf::ui::app[0m[2m:[0m DIAG 帧率: 90 fps
[2m2026-08-10T13:47:30.040849Z[0m [32m INFO[0m [2mvoxelf::ui::app[0m[2m:[0m DIAG 帧率: 90 fps
[2m2026-08-10T13:47:31.050886Z[0m [32m INFO[0m [2mvoxelf::ui::app[0m[2m:[0m DIAG 帧率: 90 fps
[2m2026-08-10T13:47:32.065732Z[0m [32m INFO[0m [2mvoxelf::ui::app[0m[2m:[0m DIAG 帧率: 89 fps
[2m2026-08-10T13:47:33.065843Z[0m [32m INFO[0m [2mvoxelf::ui::app[0m[2m:[0m DIAG 帧率: 90 fps
[2m2026-08-10T13:47:34.074133Z[0m [32m INFO[0m [2mvoxelf::ui::app[0m[2m:[0m DIAG 帧率: 90 fps
[2m2026-08-10T13:47:35.083393Z[0m [32m INFO[0m [2mvoxelf::ui::app[0m[2m:[0m DIAG 帧率: 90 fps
[2m2026-08-10T13:47:36.083393Z[0m [32m INFO[0m [2mvoxelf::ui::app[0m[2m:[0m DIAG 帧率: 90 fps
[2m2026-08-10T13:47:37.083540Z[0m [32m INFO[0m [2mvoxelf::ui::app[0m[2m:[0m DIAG 帧率: 90 fps
[2m2026-08-10T13:47:38.091033Z[0m [32m INFO[0m [2mvoxelf::ui::app[0m[2m:[0m DIAG 帧率: 90 fps
[2m2026-08-10T13:47:39.099264Z[0m [32m INFO[0m [2mvoxelf::ui::app[0m[2m:[0m DIAG 帧率: 90 fps
[2m2026-08-10T13:47:40.108376Z[0m [32m INFO[0m [2mvoxelf::ui::app[0m[2m:[0m DIAG 帧率: 90 fps
[2m2026-08-10T13:47:41.124030Z[0m [32m INFO[0m [2mvoxelf::ui::app[0m[2m:[0m DIAG 帧率: 90 fps
[2m2026-08-10T13:47:42.132325Z[0m [32m INFO[0m [2mvoxelf::ui::app[0m[2m:[0m DIAG 帧率: 89 fps
[2m2026-08-10T13:47:43.140706Z[0m [32m INFO[0m [2mvoxelf::ui::app[0m[2m:[0m DIAG 帧率: 90 fps
[2m2026-08-10T13:47:44.140859Z[0m [32m INFO[0m [2mvoxelf::ui::app[0m[2m:[0m DIAG 帧率: 89 fps
[2m2026-08-10T13:47:45.149432Z[0m [32m INFO[0m [2mvoxelf::ui::app[0m[2m:[0m DIAG 帧率: 89 fps
[2m2026-08-10T13:47:46.158537Z[0m [32m INFO[0m [2mvoxelf::ui::app[0m[2m:[0m DIAG 帧率: 70 fps
[2m2026-08-10T13:47:47.174657Z[0m [32m INFO[0m [2mvoxelf::ui::app[0m[2m:[0m DIAG 帧率: 64 fps
[2m2026-08-10T13:47:48.183339Z[0m [32m INFO[0m [2mvoxelf::ui::app[0m[2m:[0m DIAG 帧率: 90 fps
[2m2026-08-10T13:47:49.191742Z[0m [32m INFO[0m [2mvoxelf::ui::app[0m[2m:[0m DIAG 帧率: 91 fps
[2m2026-08-10T13:47:50.216126Z[0m [32m INFO[0m [2mvoxelf::ui::app[0m[2m:[0m DIAG 帧率: 75 fps
[2m2026-08-10T13:47:51.225516Z[0m [32m INFO[0m [2mvoxelf::ui::app[0m[2m:[0m DIAG 帧率: 61 fps
[2m2026-08-10T13:47:52.240691Z[0m [32m INFO[0m [2mvoxelf::ui::app[0m[2m:[0m DIAG 帧率: 84 fps
[2m2026-08-10T13:47:53.240788Z[0m [32m INFO[0m [2mvoxelf::ui::app[0m[2m:[0m DIAG 帧率: 90 fps
[2m2026-08-10T13:47:54.240789Z[0m [32m INFO[0m [2mvoxelf::ui::app[0m[2m:[0m DIAG 帧率: 88 fps
[2m2026-08-10T13:47:55.249508Z[0m [32m INFO[0m [2mvoxelf::ui::app[0m[2m:[0m DIAG 帧率: 71 fps
[2m2026-08-10T13:47:56.258941Z[0m [32m INFO[0m [2mvoxelf::ui::app[0m[2m:[0m DIAG 帧率: 60 fps
[2m2026-08-10T13:47:57.282637Z[0m [32m INFO[0m [2mvoxelf::ui::app[0m[2m:[0m DIAG 帧率: 81 fps
[2m2026-08-10T13:47:58.290837Z[0m [32m INFO[0m [2mvoxelf::ui::app[0m[2m:[0m DIAG 帧率: 62 fps
[2m2026-08-10T13:47:59.300948Z[0m [32m INFO[0m [2mvoxelf::ui::app[0m[2m:[0m DIAG 帧率: 59 fps
[2m2026-08-10T13:48:01.080631Z[0m [32m INFO[0m [2mvoxelf::ui::app[0m[2m:[0m DIAG 帧率: 37 fps
[2m2026-08-10T13:48:02.111033Z[0m [32m INFO[0m [2mvoxelf::ui::app[0m[2m:[0m DIAG 帧率: 25 fps
[2m2026-08-10T13:48:03.138879Z[0m [32m INFO[0m [2mvoxelf::ui::app[0m[2m:[0m DIAG 帧率: 23 fps
[2m2026-08-10T13:48:04.143626Z[0m [32m INFO[0m [2mvoxelf::ui::app[0m[2m:[0m DIAG 帧率: 27 fps
[2m2026-08-10T13:48:05.169629Z[0m [32m INFO[0m [2mvoxelf::ui::app[0m[2m:[0m DIAG 帧率: 23 fps
[2m2026-08-10T13:48:06.197662Z[0m [32m INFO[0m [2mvoxelf::ui::app[0m[2m:[0m DIAG 帧率: 24 fps
[2m2026-08-10T13:48:07.203595Z[0m [32m INFO[0m [2mvoxelf::ui::app[0m[2m:[0m DIAG 帧率: 27 fps
[2m2026-08-10T13:48:08.232715Z[0m [32m INFO[0m [2mvoxelf::ui::app[0m[2m:[0m DIAG 帧率: 24 fps
[2m2026-08-10T13:48:09.268624Z[0m [32m INFO[0m [2mvoxelf::ui::app[0m[2m:[0m DIAG 帧率: 26 fps
[2m2026-08-10T13:48:10.276399Z[0m [32m INFO[0m [2mvoxelf::ui::app[0m[2m:[0m DIAG 帧率: 27 fps
[2m2026-08-10T13:48:11.281049Z[0m [32m INFO[0m [2mvoxelf::ui::app[0m[2m:[0m DIAG 帧率: 28 fps
[2m2026-08-10T13:48:12.314377Z[0m [32m INFO[0m [2mvoxelf::ui::app[0m[2m:[0m DIAG 帧率: 25 fps
[2m2026-08-10T13:48:13.330694Z[0m [32m INFO[0m [2mvoxelf::ui::app[0m[2m:[0m DIAG 帧率: 26 fps
[2m2026-08-10T13:48:14.368513Z[0m [32m INFO[0m [2mvoxelf::ui::app[0m[2m:[0m DIAG 帧率: 27 fps
[2m2026-08-10T13:48:15.406923Z[0m [32m INFO[0m [2mvoxelf::ui::app[0m[2m:[0m DIAG 帧率: 28 fps
[2m2026-08-10T13:48:16.415114Z[0m [32m INFO[0m [2mvoxelf::ui::app[0m[2m:[0m DIAG 帧率: 28 fps
[2m2026-08-10T13:48:17.423485Z[0m [32m INFO[0m [2mvoxelf::ui::app[0m[2m:[0m DIAG 帧率: 28 fps
[2m2026-08-10T13:48:18.427658Z[0m [32m INFO[0m [2mvoxelf::ui::app[0m[2m:[0m DIAG 帧率: 28 fps
[2m2026-08-10T13:48:19.432863Z[0m [32m INFO[0m [2mvoxelf::ui::app[0m[2m:[0m DIAG 帧率: 26 fps
[2m2026-08-10T13:48:20.463647Z[0m [32m INFO[0m [2mvoxelf::ui::app[0m[2m:[0m DIAG 帧率: 24 fps
[2m2026-08-10T13:48:21.465595Z[0m [32m INFO[0m [2mvoxelf::ui::app[0m[2m:[0m DIAG 帧率: 26 fps
[2m2026-08-10T13:48:22.468552Z[0m [32m INFO[0m [2mvoxelf::ui::app[0m[2m:[0m DIAG 帧率: 26 fps
[2m2026-08-10T13:48:23.498568Z[0m [32m INFO[0m [2mvoxelf::ui::app[0m[2m:[0m DIAG 帧率: 25 fps
[2m2026-08-10T13:48:24.521375Z[0m [32m INFO[0m [2mvoxelf::ui::app[0m[2m:[0m DIAG 帧率: 27 fps
[2m2026-08-10T13:48:25.531769Z[0m [32m INFO[0m [2mvoxelf::ui::app[0m[2m:[0m DIAG 帧率: 28 fps
[2m2026-08-10T13:48:26.538580Z[0m [32m INFO[0m [2mvoxelf::ui::app[0m[2m:[0m DIAG 帧率: 27 fps
[2m2026-08-10T13:48:27.554463Z[0m [32m INFO[0m [2mvoxelf::ui::app[0m[2m:[0m DIAG 帧率: 27 fps
[2m2026-08-10T13:48:28.575665Z[0m [32m INFO[0m [2mvoxelf::ui::app[0m[2m:[0m DIAG 帧率: 26 fps
[2m2026-08-10T13:48:29.611922Z[0m [32m INFO[0m [2mvoxelf::ui::app[0m[2m:[0m DIAG 帧率: 25 fps
[2m2026-08-10T13:48:30.657307Z[0m [32m INFO[0m [2mvoxelf::ui::app[0m[2m:[0m DIAG 帧率: 26 fps
[2m2026-08-10T13:48:31.671477Z[0m [32m INFO[0m [2mvoxelf::ui::app[0m[2m:[0m DIAG 帧率: 24 fps
[2m2026-08-10T13:48:32.675701Z[0m [32m INFO[0m [2mvoxelf::ui::app[0m[2m:[0m DIAG 帧率: 26 fps
[2m2026-08-10T13:48:33.708357Z[0m [32m INFO[0m [2mvoxelf::ui::app[0m[2m:[0m DIAG 帧率: 26 fps
[2m2026-08-10T13:48:34.753634Z[0m [32m INFO[0m [2mvoxelf::ui::app[0m[2m:[0m DIAG 帧率: 26 fps
[2m2026-08-10T13:48:35.772512Z[0m [32m INFO[0m [2mvoxelf::ui::app[0m[2m:[0m DIAG 帧率: 25 fps
[2m2026-08-10T13:48:36.800758Z[0m [32m INFO[0m [2mvoxelf::ui::app[0m[2m:[0m DIAG 帧率: 26 fps
[2m2026-08-10T13:48:37.845814Z[0m [32m INFO[0m [2mvoxelf::ui::app[0m[2m:[0m DIAG 帧率: 26 fps
[2m2026-08-10T13:48:38.857483Z[0m [32m INFO[0m [2mvoxelf::ui::app[0m[2m:[0m DIAG 帧率: 28 fps
[2m2026-08-10T13:48:39.859317Z[0m [32m INFO[0m [2mvoxelf::ui::app[0m[2m:[0m DIAG 帧率: 26 fps
[2m2026-08-10T13:48:40.862313Z[0m [32m INFO[0m [2mvoxelf::ui::app[0m[2m:[0m DIAG 帧率: 26 fps
[2m2026-08-10T13:48:41.901282Z[0m [32m INFO[0m [2mvoxelf::ui::app[0m[2m:[0m DIAG 帧率: 28 fps
[2m2026-08-10T13:48:42.906100Z[0m [32m INFO[0m [2mvoxelf::ui::app[0m[2m:[0m DIAG 帧率: 25 fps
[2m2026-08-10T13:48:43.923566Z[0m [32m INFO[0m [2mvoxelf::ui::app[0m[2m:[0m DIAG 帧率: 27 fps
[2m2026-08-10T13:48:44.954323Z[0m [32m INFO[0m [2mvoxelf::ui::app[0m[2m:[0m DIAG 帧率: 25 fps
[2m2026-08-10T13:48:45.986462Z[0m [32m INFO[0m [2mvoxelf::ui::app[0m[2m:[0m DIAG 帧率: 24 fps
[2m2026-08-10T13:48:47.001327Z[0m [32m INFO[0m [2mvoxelf::ui::app[0m[2m:[0m DIAG 帧率: 30 fps
[2m2026-08-10T13:48:48.005716Z[0m [32m INFO[0m [2mvoxelf::ui::app[0m[2m:[0m DIAG 帧率: 26 fps
[2m2026-08-10T13:48:49.010092Z[0m [32m INFO[0m [2mvoxelf::ui::app[0m[2m:[0m DIAG 帧率: 27 fps
[2m2026-08-10T13:48:50.040007Z[0m [32m INFO[0m [2mvoxelf::ui::app[0m[2m:[0m DIAG 帧率: 26 fps
[2m2026-08-10T13:48:51.054068Z[0m [32m INFO[0m [2mvoxelf::ui::app[0m[2m:[0m DIAG 帧率: 26 fps
[2m2026-08-10T13:48:52.054933Z[0m [32m INFO[0m [2mvoxelf::ui::app[0m[2m:[0m DIAG 帧率: 25 fps
[2m2026-08-10T13:48:53.057288Z[0m [32m INFO[0m [2mvoxelf::ui::app[0m[2m:[0m DIAG 帧率: 25 fps
[2m2026-08-10T13:48:54.067888Z[0m [32m INFO[0m [2mvoxelf::ui::app[0m[2m:[0m DIAG 帧率: 27 fps
[2m2026-08-10T13:48:55.092639Z[0m [32m INFO[0m [2mvoxelf::ui::app[0m[2m:[0m DIAG 帧率: 23 fps
[2m2026-08-10T13:48:56.092849Z[0m [32m INFO[0m [2mvoxelf::ui::app[0m[2m:[0m DIAG 帧率: 26 fps
[2m2026-08-10T13:48:57.132869Z[0m [32m INFO[0m [2mvoxelf::ui::app[0m[2m:[0m DIAG 帧率: 25 fps
[2m2026-08-10T13:48:58.177492Z[0m [32m INFO[0m [2mvoxelf::ui::app[0m[2m:[0m DIAG 帧率: 26 fps
[2m2026-08-10T13:48:59.206026Z[0m [32m INFO[0m [2mvoxelf::ui::app[0m[2m:[0m DIAG 帧率: 25 fps
[2m2026-08-10T13:49:00.236140Z[0m [32m INFO[0m [2mvoxelf::ui::app[0m[2m:[0m DIAG 帧率: 24 fps
[2m2026-08-10T13:49:01.237609Z[0m [32m INFO[0m [2mvoxelf::ui::app[0m[2m:[0m DIAG 帧率: 25 fps
[2m2026-08-10T13:49:02.259393Z[0m [32m INFO[0m [2mvoxelf::ui::app[0m[2m:[0m DIAG 帧率: 26 fps
[2m2026-08-10T13:49:03.278209Z[0m [32m INFO[0m [2mvoxelf::ui::app[0m[2m:[0m DIAG 帧率: 27 fps
[2m2026-08-10T13:49:04.286066Z[0m [32m INFO[0m [2mvoxelf::ui::app[0m[2m:[0m DIAG 帧率: 26 fps
[2m2026-08-10T13:49:05.299110Z[0m [32m INFO[0m [2mvoxelf::ui::app[0m[2m:[0m DIAG 帧率: 26 fps
[2m2026-08-10T13:49:06.302089Z[0m [32m INFO[0m [2mvoxelf::ui::app[0m[2m:[0m DIAG 帧率: 25 fps
[2m2026-08-10T13:49:07.332020Z[0m [32m INFO[0m [2mvoxelf::ui::app[0m[2m:[0m DIAG 帧率: 25 fps
[2m2026-08-10T13:49:08.347935Z[0m [32m INFO[0m [2mvoxelf::ui::app[0m[2m:[0m DIAG 帧率: 26 fps
[2m2026-08-10T13:49:09.353686Z[0m [32m INFO[0m [2mvoxelf::ui::app[0m[2m:[0m DIAG 帧率: 26 fps
[2m2026-08-10T13:49:10.369903Z[0m [32m INFO[0m [2mvoxelf::ui::app[0m[2m:[0m DIAG 帧率: 26 fps
[2m2026-08-10T13:49:11.389482Z[0m [32m INFO[0m [2mvoxelf::ui::app[0m[2m:[0m DIAG 帧率: 26 fps
[2m2026-08-10T13:49:12.406993Z[0m [32m INFO[0m [2mvoxelf::ui::app[0m[2m:[0m DIAG 帧率: 26 fps
[2m2026-08-10T13:49:13.410107Z[0m [32m INFO[0m [2mvoxelf::ui::app[0m[2m:[0m DIAG 帧率: 26 fps
[2m2026-08-10T13:49:14.426298Z[0m [32m INFO[0m [2mvoxelf::ui::app[0m[2m:[0m DIAG 帧率: 25 fps
[2m2026-08-10T13:49:15.451310Z[0m [32m INFO[0m [2mvoxelf::ui::app[0m[2m:[0m DIAG 帧率: 27 fps
[2m2026-08-10T13:49:16.456059Z[0m [32m INFO[0m [2mvoxelf::ui::app[0m[2m:[0m DIAG 帧率: 28 fps
[2m2026-08-10T13:49:17.456128Z[0m [32m INFO[0m [2mvoxelf::ui::app[0m[2m:[0m DIAG 帧率: 25 fps
[2m2026-08-10T13:49:18.471361Z[0m [32m INFO[0m [2mvoxelf::ui::app[0m[2m:[0m DIAG 帧率: 25 fps
[2m2026-08-10T13:49:19.480120Z[0m [32m INFO[0m [2mvoxelf::ui::app[0m[2m:[0m DIAG 帧率: 27 fps
[2m2026-08-10T13:49:20.499982Z[0m [32m INFO[0m [2mvoxelf::ui::app[0m[2m:[0m DIAG 帧率: 25 fps
[2m2026-08-10T13:49:21.537038Z[0m [32m INFO[0m [2mvoxelf::ui::app[0m[2m:[0m DIAG 帧率: 28 fps
[2m2026-08-10T13:49:22.556458Z[0m [32m INFO[0m [2mvoxelf::ui::app[0m[2m:[0m DIAG 帧率: 27 fps
[2m2026-08-10T13:49:23.562244Z[0m [32m INFO[0m [2mvoxelf::ui::app[0m[2m:[0m DIAG 帧率: 27 fps
[2m2026-08-10T13:49:24.566561Z[0m [32m INFO[0m [2mvoxelf::ui::app[0m[2m:[0m DIAG 帧率: 26 fps
[2m2026-08-10T13:49:25.567981Z[0m [32m INFO[0m [2mvoxelf::ui::app[0m[2m:[0m DIAG 帧率: 26 fps
[2m2026-08-10T13:49:26.583165Z[0m [32m INFO[0m [2mvoxelf::ui::app[0m[2m:[0m DIAG 帧率: 25 fps
[2m2026-08-10T13:49:27.595234Z[0m [32m INFO[0m [2mvoxelf::ui::app[0m[2m:[0m DIAG 帧率: 25 fps
[2m2026-08-10T13:49:28.628508Z[0m [32m INFO[0m [2mvoxelf::ui::app[0m[2m:[0m DIAG 帧率: 26 fps
[2m2026-08-10T13:49:29.647143Z[0m [32m INFO[0m [2mvoxelf::ui::app[0m[2m:[0m DIAG 帧率: 26 fps
[2m2026-08-10T13:49:30.671857Z[0m [32m INFO[0m [2mvoxelf::ui::app[0m[2m:[0m DIAG 帧率: 26 fps
[2m2026-08-10T13:49:31.707605Z[0m [32m INFO[0m [2mvoxelf::ui::app[0m[2m:[0m DIAG 帧率: 25 fps
[2m2026-08-10T13:49:32.740162Z[0m [32m INFO[0m [2mvoxelf::ui::app[0m[2m:[0m DIAG 帧率: 25 fps
[2m2026-08-10T13:49:33.782843Z[0m [32m INFO[0m [2mvoxelf::ui::app[0m[2m:[0m DIAG 帧率: 24 fps
[2m2026-08-10T13:49:34.800176Z[0m [32m INFO[0m [2mvoxelf::ui::app[0m[2m:[0m DIAG 帧率: 27 fps
[2m2026-08-10T13:49:35.820208Z[0m [32m INFO[0m [2mvoxelf::ui::app[0m[2m:[0m DIAG 帧率: 26 fps
[2m2026-08-10T13:49:36.840989Z[0m [32m INFO[0m [2mvoxelf::ui::app[0m[2m:[0m DIAG 帧率: 26 fps
[2m2026-08-10T13:49:37.841011Z[0m [32m INFO[0m [2mvoxelf::ui::app[0m[2m:[0m DIAG 帧率: 24 fps
[2m2026-08-10T13:49:38.887127Z[0m [32m INFO[0m [2mvoxelf::ui::app[0m[2m:[0m DIAG 帧率: 23 fps
[2m2026-08-10T13:49:39.900735Z[0m [32m INFO[0m [2mvoxelf::ui::app[0m[2m:[0m DIAG 帧率: 25 fps
[2m2026-08-10T13:49:40.936523Z[0m [32m INFO[0m [2mvoxelf::ui::app[0m[2m:[0m DIAG 帧率: 25 fps
[2m2026-08-10T13:49:41.950137Z[0m [32m INFO[0m [2mvoxelf::ui::app[0m[2m:[0m DIAG 帧率: 25 fps
[2m2026-08-10T13:49:42.977200Z[0m [32m INFO[0m [2mvoxelf::ui::app[0m[2m:[0m DIAG 帧率: 25 fps
[2m2026-08-10T13:49:43.980214Z[0m [32m INFO[0m [2mvoxelf::ui::app[0m[2m:[0m DIAG 帧率: 26 fps
[2m2026-08-10T13:49:44.983073Z[0m [32m INFO[0m [2mvoxelf::ui::app[0m[2m:[0m DIAG 帧率: 26 fps
[2m2026-08-10T13:49:45.997399Z[0m [32m INFO[0m [2mvoxelf::ui::app[0m[2m:[0m DIAG 帧率: 25 fps
[2m2026-08-10T13:49:47.020152Z[0m [32m INFO[0m [2mvoxelf::ui::app[0m[2m:[0m DIAG 帧率: 27 fps
[2m2026-08-10T13:49:48.055416Z[0m [32m INFO[0m [2mvoxelf::ui::app[0m[2m:[0m DIAG 帧率: 26 fps
[2m2026-08-10T13:49:49.087312Z[0m [32m INFO[0m [2mvoxelf::ui::app[0m[2m:[0m DIAG 帧率: 25 fps
[2m2026-08-10T13:49:50.118520Z[0m [32m INFO[0m [2mvoxelf::ui::app[0m[2m:[0m DIAG 帧率: 25 fps
[2m2026-08-10T13:49:51.137959Z[0m [32m INFO[0m [2mvoxelf::ui::app[0m[2m:[0m DIAG 帧率: 26 fps
[2m2026-08-10T13:49:52.175613Z[0m [32m INFO[0m [2mvoxelf::ui::app[0m[2m:[0m DIAG 帧率: 26 fps
[2m2026-08-10T13:49:53.198184Z[0m [32m INFO[0m [2mvoxelf::ui::app[0m[2m:[0m DIAG 帧率: 27 fps
[2m2026-08-10T13:49:54.198716Z[0m [32m INFO[0m [2mvoxelf::ui::app[0m[2m:[0m DIAG 帧率: 26 fps
[2m2026-08-10T13:49:55.243367Z[0m [32m INFO[0m [2mvoxelf::ui::app[0m[2m:[0m DIAG 帧率: 26 fps
[2m2026-08-10T13:49:56.259190Z[0m [32m INFO[0m [2mvoxelf::ui::app[0m[2m:[0m DIAG 帧率: 25 fps
[2m2026-08-10T13:49:57.295008Z[0m [32m INFO[0m [2mvoxelf::ui::app[0m[2m:[0m DIAG 帧率: 27 fps
[2m2026-08-10T13:49:58.316145Z[0m [32m INFO[0m [2mvoxelf::ui::app[0m[2m:[0m DIAG 帧率: 26 fps
[2m2026-08-10T13:49:59.334102Z[0m [32m INFO[0m [2mvoxelf::ui::app[0m[2m:[0m DIAG 帧率: 27 fps
[2m2026-08-10T13:50:00.378061Z[0m [32m INFO[0m [2mvoxelf::ui::app[0m[2m:[0m DIAG 帧率: 26 fps
[2m2026-08-10T13:50:01.413019Z[0m [32m INFO[0m [2mvoxelf::ui::app[0m[2m:[0m DIAG 帧率: 25 fps
[2m2026-08-10T13:50:02.442489Z[0m [32m INFO[0m [2mvoxelf::ui::app[0m[2m:[0m DIAG 帧率: 26 fps
[2m2026-08-10T13:50:03.470005Z[0m [32m INFO[0m [2mvoxelf::ui::app[0m[2m:[0m DIAG 帧率: 25 fps
[2m2026-08-10T13:50:04.490809Z[0m [32m INFO[0m [2mvoxelf::ui::app[0m[2m:[0m DIAG 帧率: 25 fps
[2m2026-08-10T13:50:05.510525Z[0m [32m INFO[0m [2mvoxelf::ui::app[0m[2m:[0m DIAG 帧率: 23 fps
[2m2026-08-10T13:50:06.528270Z[0m [32m INFO[0m [2mvoxelf::ui::app[0m[2m:[0m DIAG 帧率: 26 fps
[2m2026-08-10T13:50:07.556669Z[0m [32m INFO[0m [2mvoxelf::ui::app[0m[2m:[0m DIAG 帧率: 24 fps
[2m2026-08-10T13:50:08.590257Z[0m [32m INFO[0m [2mvoxelf::ui::app[0m[2m:[0m DIAG 帧率: 27 fps
[2m2026-08-10T13:50:09.594462Z[0m [32m INFO[0m [2mvoxelf::ui::app[0m[2m:[0m DIAG 帧率: 27 fps
[2m2026-08-10T13:50:10.622124Z[0m [32m INFO[0m [2mvoxelf::ui::app[0m[2m:[0m DIAG 帧率: 23 fps
[2m2026-08-10T13:50:11.649442Z[0m [32m INFO[0m [2mvoxelf::ui::app[0m[2m:[0m DIAG 帧率: 24 fps
[2m2026-08-10T13:50:12.676577Z[0m [32m INFO[0m [2mvoxelf::ui::app[0m[2m:[0m DIAG 帧率: 25 fps
[2m2026-08-10T13:50:13.709205Z[0m [32m INFO[0m [2mvoxelf::ui::app[0m[2m:[0m DIAG 帧率: 25 fps
[2m2026-08-10T13:50:14.719135Z[0m [32m INFO[0m [2mvoxelf::ui::app[0m[2m:[0m DIAG 帧率: 25 fps
[2m2026-08-10T13:50:15.737598Z[0m [32m INFO[0m [2mvoxelf::ui::app[0m[2m:[0m DIAG 帧率: 25 fps
[2m2026-08-10T13:50:16.765954Z[0m [32m INFO[0m [2mvoxelf::ui::app[0m[2m:[0m DIAG 帧率: 29 fps
[2m2026-08-10T13:50:17.800058Z[0m [32m INFO[0m [2mvoxelf::ui::app[0m[2m:[0m DIAG 帧率: 25 fps
[2m2026-08-10T13:50:18.828046Z[0m [32m INFO[0m [2mvoxelf::ui::app[0m[2m:[0m DIAG 帧率: 24 fps
[2m2026-08-10T13:50:19.836342Z[0m [32m INFO[0m [2mvoxelf::ui::app[0m[2m:[0m DIAG 帧率: 24 fps
[2m2026-08-10T13:50:20.844284Z[0m [32m INFO[0m [2mvoxelf::ui::app[0m[2m:[0m DIAG 帧率: 24 fps
[2m2026-08-10T13:50:21.861471Z[0m [32m INFO[0m [2mvoxelf::ui::app[0m[2m:[0m DIAG 帧率: 26 fps
[2m2026-08-10T13:50:22.895916Z[0m [32m INFO[0m [2mvoxelf::ui::app[0m[2m:[0m DIAG 帧率: 26 fps
[2m2026-08-10T13:50:23.916245Z[0m [32m INFO[0m [2mvoxelf::ui::app[0m[2m:[0m DIAG 帧率: 25 fps
[2m2026-08-10T13:50:24.947261Z[0m [32m INFO[0m [2mvoxelf::ui::app[0m[2m:[0m DIAG 帧率: 25 fps
[2m2026-08-10T13:50:25.950493Z[0m [32m INFO[0m [2mvoxelf::ui::app[0m[2m:[0m DIAG 帧率: 27 fps
[2m2026-08-10T13:50:26.960689Z[0m [32m INFO[0m [2mvoxelf::ui::app[0m[2m:[0m DIAG 帧率: 27 fps
[2m2026-08-10T13:50:27.963328Z[0m [32m INFO[0m [2mvoxelf::ui::app[0m[2m:[0m DIAG 帧率: 26 fps
[2m2026-08-10T13:50:28.993803Z[0m [32m INFO[0m [2mvoxelf::ui::app[0m[2m:[0m DIAG 帧率: 25 fps
[2m2026-08-10T13:50:29.998875Z[0m [32m INFO[0m [2mvoxelf::ui::app[0m[2m:[0m DIAG 帧率: 27 fps
[2m2026-08-10T13:50:31.020632Z[0m [32m INFO[0m [2mvoxelf::ui::app[0m[2m:[0m DIAG 帧率: 26 fps
[2m2026-08-10T13:50:32.039090Z[0m [32m INFO[0m [2mvoxelf::ui::app[0m[2m:[0m DIAG 帧率: 26 fps
[2m2026-08-10T13:50:33.060084Z[0m [32m INFO[0m [2mvoxelf::ui::app[0m[2m:[0m DIAG 帧率: 26 fps
[2m2026-08-10T13:50:34.082009Z[0m [32m INFO[0m [2mvoxelf::ui::app[0m[2m:[0m DIAG 帧率: 27 fps
[2m2026-08-10T13:50:35.089248Z[0m [32m INFO[0m [2mvoxelf::ui::app[0m[2m:[0m DIAG 帧率: 27 fps
[2m2026-08-10T13:50:36.090476Z[0m [32m INFO[0m [2mvoxelf::ui::app[0m[2m:[0m DIAG 帧率: 26 fps
[2m2026-08-10T13:50:37.113305Z[0m [32m INFO[0m [2mvoxelf::ui::app[0m[2m:[0m DIAG 帧率: 27 fps
[2m2026-08-10T13:50:38.113790Z[0m [32m INFO[0m [2mvoxelf::ui::app[0m[2m:[0m DIAG 帧率: 25 fps
[2m2026-08-10T13:50:39.127188Z[0m [32m INFO[0m [2mvoxelf::ui::app[0m[2m:[0m DIAG 帧率: 26 fps
[2m2026-08-10T13:50:40.165320Z[0m [32m INFO[0m [2mvoxelf::ui::app[0m[2m:[0m DIAG 帧率: 27 fps
[2m2026-08-10T13:50:41.169142Z[0m [32m INFO[0m [2mvoxelf::ui::app[0m[2m:[0m DIAG 帧率: 26 fps
[2m2026-08-10T13:50:42.176160Z[0m [32m INFO[0m [2mvoxelf::ui::app[0m[2m:[0m DIAG 帧率: 27 fps
[2m2026-08-10T13:50:43.190599Z[0m [32m INFO[0m [2mvoxelf::ui::app[0m[2m:[0m DIAG 帧率: 26 fps
[2m2026-08-10T13:50:44.613216Z[0m [32m INFO[0m [2mvoxelf::ui::app[0m[2m:[0m DIAG 帧率: 24 fps
[2m2026-08-10T13:50:45.625952Z[0m [32m INFO[0m [2mvoxelf::ui::app[0m[2m:[0m DIAG 帧率: 98 fps
[2m2026-08-10T13:50:46.632056Z[0m [32m INFO[0m [2mvoxelf::ui::app[0m[2m:[0m DIAG 帧率: 62 fps
[2m2026-08-10T13:50:47.640332Z[0m [32m INFO[0m [2mvoxelf::ui::app[0m[2m:[0m DIAG 帧率: 83 fps
[2m2026-08-10T13:50:48.648356Z[0m [32m INFO[0m [2mvoxelf::ui::app[0m[2m:[0m DIAG 帧率: 89 fps
[2m2026-08-10T13:50:49.648868Z[0m [32m INFO[0m [2mvoxelf::ui::app[0m[2m:[0m DIAG 帧率: 89 fps
[2m2026-08-10T13:50:50.649594Z[0m [32m INFO[0m [2mvoxelf::ui::app[0m[2m:[0m DIAG 帧率: 86 fps
[2m2026-08-10T13:50:53.819476Z[0m [32m INFO[0m [2mvoxelf::tray[0m[2m:[0m DIAG 转发菜单事件: ToggleVisible (id=toggle)
[2m2026-08-10T13:50:53.819698Z[0m [32m INFO[0m [2mvoxelf::tray[0m[2m:[0m 托盘: 切换可见性 → true
[2m2026-08-10T13:50:57.190085Z[0m [32m INFO[0m [2mvoxelf::ui::app[0m[2m:[0m DIAG 帧率: 82 fps
[2m2026-08-10T13:50:58.190124Z[0m [32m INFO[0m [2mvoxelf::ui::app[0m[2m:[0m DIAG 帧率: 89 fps
[2m2026-08-10T13:50:59.207847Z[0m [32m INFO[0m [2mvoxelf::ui::app[0m[2m:[0m DIAG 帧率: 89 fps
[2m2026-08-10T13:51:00.216770Z[0m [32m INFO[0m [2mvoxelf::ui::app[0m[2m:[0m DIAG 帧率: 88 fps
[2m2026-08-10T13:51:01.515566Z[0m [32m INFO[0m [2mvoxelf::tray[0m[2m:[0m DIAG 转发菜单事件: ToggleVisible (id=toggle)
[2m2026-08-10T13:51:01.515843Z[0m [32m INFO[0m [2mvoxelf::tray[0m[2m:[0m 托盘: 切换可见性 → false
[2m2026-08-10T13:51:03.449653Z[0m [32m INFO[0m [2mvoxelf::ui::app[0m[2m:[0m DIAG 帧率: 16 fps
[2m2026-08-10T13:51:04.572973Z[0m [32m INFO[0m [2mvoxelf::ui::app[0m[2m:[0m DIAG 帧率: 10 fps
[2m2026-08-10T13:51:05.699503Z[0m [32m INFO[0m [2mvoxelf::ui::app[0m[2m:[0m DIAG 帧率: 10 fps
[2m2026-08-10T13:51:07.304990Z[0m [32m INFO[0m [2mvoxelf::tray[0m[2m:[0m DIAG 转发菜单事件: ToggleVisible (id=toggle)
[2m2026-08-10T13:51:07.305273Z[0m [32m INFO[0m [2mvoxelf::tray[0m[2m:[0m 托盘: 切换可见性 → true
[2m2026-08-10T13:51:07.568021Z[0m [32m INFO[0m [2mvoxelf::ui::app[0m[2m:[0m DIAG 帧率: 25 fps
[2m2026-08-10T13:51:08.585551Z[0m [32m INFO[0m [2mvoxelf::ui::app[0m[2m:[0m DIAG 帧率: 84 fps
[2m2026-08-10T13:51:09.590237Z[0m [32m INFO[0m [2mvoxelf::ui::app[0m[2m:[0m DIAG 帧率: 89 fps
[2m2026-08-10T13:51:11.633087Z[0m [32m INFO[0m [2mvoxelf::tray[0m[2m:[0m DIAG 转发菜单事件: ToggleLock (id=lock)
[2m2026-08-10T13:51:11.633291Z[0m [32m INFO[0m [2mvoxelf::tray[0m[2m:[0m 托盘: 锁定位置 = true
[2m2026-08-10T13:51:13.198299Z[0m [32m INFO[0m [2mvoxelf::ui::app[0m[2m:[0m DIAG 帧率: 83 fps
[2m2026-08-10T13:51:14.207158Z[0m [32m INFO[0m [2mvoxelf::ui::app[0m[2m:[0m DIAG 帧率: 90 fps
[2m2026-08-10T13:51:15.207389Z[0m [32m INFO[0m [2mvoxelf::ui::app[0m[2m:[0m DIAG 帧率: 88 fps
[2m2026-08-10T13:51:16.662392Z[0m [32m INFO[0m [2mvoxelf::tray[0m[2m:[0m DIAG 转发菜单事件: Quit (id=quit)
[2m2026-08-10T13:51:16.662648Z[0m [32m INFO[0m [2mvoxelf::tray[0m[2m:[0m 托盘: 退出
